// Jest Snapshot v1, https://goo.gl/fbAQLP

exports[`StockCountForm capturing Snapshot of StockCountForm 1`] = `
<Card
  className="card"
>
  <form
    className="form"
  >
    <Row
      center="xs"
      className="form"
      middle="xs"
    >
      <Col
        lg={6}
        md={8}
        xs={12}
      >
        <Row
          className="FirstInput"
        >
          <Col
            className="label"
            lg={4}
          >
            <label>
              Stock Take Description
            </label>
          </Col>
          <Col
            xs={8}
          >
            <Field
              component={[Function]}
              disabled={true}
              name="description"
              type="text"
            />
          </Col>
        </Row>
        <Row
          className="input"
        >
          <Col
            className="label"
            lg={4}
          >
            <label>
              Start Date
            </label>
          </Col>
          <Col
            xs={8}
          >
            <Field
              component={[Function]}
              disabled={true}
              name="startDate"
            />
          </Col>
        </Row>
        <Row
          className="input"
        >
          <Col
            className="label"
            lg={4}
          >
            <label>
              Warehouse
            </label>
          </Col>
          <Col
            xs={8}
          >
            <Field
              component={[Function]}
              disabled={true}
              menuItems={Array []}
              name="warehouseId"
              type="select"
            />
          </Col>
        </Row>
        <Row
          className="input"
        >
          <Col
            className="label"
            lg={4}
          >
            <label>
              Zone
            </label>
          </Col>
          <Col
            xs={8}
          >
            <Field
              component={[Function]}
              disabled={true}
              menuItems={Array []}
              name="zoneId"
              type="select"
            />
          </Col>
        </Row>
        <Row
          className="input"
        >
          <Col
            className="label"
            lg={4}
          >
            <label>
              Assign To
            </label>
          </Col>
          <Col
            xs={8}
          >
            <Field
              component={[Function]}
              disabled={true}
              menuItems={Array []}
              name="assignedTo"
              type="select"
            />
          </Col>
        </Row>
        <Row
          end="xs"
        >
          <Col
            xs={true}
          >
            <Button
              className="submitButton"
              disabled={false}
              type="submit"
            >
              Start
            </Button>
          </Col>
        </Row>
      </Col>
    </Row>
  </form>
</Card>
`;
