// Jest Snapshot v1, https://goo.gl/fbAQLP

exports[`BinsTab capturing Snapshot of BinsTab 1`] = `
<div>
  <ReduxForm
    buttonVisible={false}
    fields={
      Array [
        Object {
          "editableForExistingItem": false,
          "header": "Zone",
          "menuItems": Array [],
          "name": "zoneId",
          "type": "select",
        },
        Object {
          "editableForExistingItem": false,
          "header": "Bin Name",
          "name": "name",
          "type": "text",
        },
        Object {
          "editableForExistingItem": true,
          "header": "Description",
          "name": "description",
          "type": "text",
        },
      ]
    }
    handleSave={[Function]}
    handleToggleModal={[Function]}
    initialValues={
      Object {
        "description": "",
        "name": "",
        "zoneId": "",
      }
    }
    loading={false}
    title="New Zone"
    visible={false}
  />
  <Spin
    prefixCls="ant-spin"
    size="default"
    spinning={false}
    wrapperClassName=""
  >
    <Row
      between="xs"
      middle="xs"
      style={
        Object {
          "marginBottom": "1rem",
        }
      }
    >
      <Col
        lg={4}
        md={6}
        xs={true}
      >
        <Select
          choiceTransitionName="zoom"
          className="select"
          onChange={[Function]}
          placeholder="Location"
          prefixCls="ant-select"
          showSearch={false}
          transitionName="slide-up"
        />
      </Col>
      <Col
        lg={4}
        md={6}
        xs={true}
      >
        <Select
          choiceTransitionName="zoom"
          className="select"
          onChange={[Function]}
          placeholder="Zone"
          prefixCls="ant-select"
          showSearch={false}
          transitionName="slide-up"
        />
      </Col>
      <Col
        xs={1}
      >
        <ActionButton
          disabled={true}
          onClick={[Function]}
          style={
            Object {
              "float": "right",
            }
          }
        >
          New Bin
        </ActionButton>
      </Col>
    </Row>
    <Table
      bordered={false}
      className="table"
      columns={
        Array [
          Object {
            "dataIndex": "zoneName",
            "title": "ZONE",
          },
          Object {
            "dataIndex": "name",
            "title": "BIN NAME",
          },
          Object {
            "dataIndex": "description",
            "title": "DESCRIPTION",
          },
          Object {
            "render": [Function],
            "title": "ACTION",
          },
        ]
      }
      dataSource={Array []}
      indentSize={20}
      loading={false}
      locale={Object {}}
      prefixCls="ant-table"
      rowKey="id"
      rowSelection={null}
      showHeader={true}
      size="small"
      useFixedHeader={false}
    />
  </Spin>
</div>
`;
