// Jest Snapshot v1, https://goo.gl/fbAQLP

exports[`TotalAndNotes capturing Snapshot of TotalAndNotes 1`] = `
<Row>
  <Col
    lg={6}
    md={6}
    xs={true}
  >
    <Row
      end="xs"
      top="xs"
    >
      <Col
        lg={3}
        md={6}
        xs={true}
      >
        <strong>
          Customer Notes
        </strong>
      </Col>
      <Col
        lg={8}
        md={6}
        xs={true}
      >
        <Field
          component={[Function]}
          name="customerNotes"
          placeholder="Any text"
        />
      </Col>
    </Row>
  </Col>
  <Col
    lg={6}
    md={6}
    xs={true}
  >
    <Row
      end="xs"
    >
      <Col
        lg={8}
      >
        <div
          className="stats"
        >
          <Row
            start="xs"
          >
            <Col
              lg={8}
            >
              <strong>
                Sub Total (Excl Tax)
              </strong>
            </Col>
            <Col
              lg={4}
            >
              <strong
                id="totals"
              >
                currency0.00
              </strong>
            </Col>
          </Row>
          <Row
            start="xs"
          >
            <Col
              lg={8}
            >
              <strong>
                Taxes
              </strong>
            </Col>
            <Col
              lg={4}
            >
              <strong
                id="totals"
              >
                currency0.00
              </strong>
            </Col>
          </Row>
          <Row
            start="xs"
          >
            <Col
              lg={8}
            >
              <strong>
                Shipping
              </strong>
            </Col>
            <Col
              lg={4}
            >
              <strong
                id="totals"
              >
                currency1.00
              </strong>
            </Col>
          </Row>
          <Row
            middle="xs"
            start="xs"
          >
            <Col
              lg={3}
            >
              <strong>
                Promotion
              </strong>
            </Col>
            <Col
              lg={6}
            >
              <Field
                component={[Function]}
                disabled={false}
                name="promotion"
              />
            </Col>
            <Col
              lg={3}
            >
              <strong
                id="totals"
              >
                currency1.00
              </strong>
            </Col>
          </Row>
          <Row
            start="xs"
          >
            <Col
              lg={8}
            >
              <strong>
                Recur Discounts
              </strong>
            </Col>
            <Col
              lg={4}
            >
              <strong
                id="totals"
              >
                currency0.00
              </strong>
            </Col>
          </Row>
          <Row
            start="xs"
          >
            <Col
              lg={8}
            >
              <strong>
                Customer Credit
              </strong>
            </Col>
            <Col
              lg={4}
            >
              <strong
                id="totals"
              >
                currency1.00
              </strong>
            </Col>
          </Row>
          <Row
            start="xs"
          >
            <Col
              lg={8}
            >
              <strong>
                Total (SGD)
                <span
                  className="minus"
                >
                   (-)
                </span>
              </strong>
            </Col>
            <Col
              lg={4}
            >
              <strong
                id="totals"
              >
                currency0.00
              </strong>
            </Col>
          </Row>
        </div>
      </Col>
    </Row>
  </Col>
</Row>
`;
