// Jest Snapshot v1, https://goo.gl/fbAQLP

exports[`MainTab capturing Snapshot of MainTab 1`] = `
<Spin
  prefixCls="ant-spin"
  size="default"
  spinning={false}
  wrapperClassName=""
>
  <form
    className="form"
  >
    <Row>
      <Col
        lg={6}
        xs={12}
      >
        <Row
          center="xs"
          middle="xs"
        >
          <Col
            xs={4}
          >
            <label>
              Bundle SKU
            </label>
          </Col>
          <Col
            xs={8}
          >
            <Field
              component={[Function]}
              disabled={true}
              name="sku"
            />
          </Col>
        </Row>
        <Row
          center="xs"
          middle="xs"
        >
          <Col
            xs={4}
          >
            <label>
              Bundle Name
            </label>
          </Col>
          <Col
            xs={8}
          >
            <Field
              component={[Function]}
              name="name"
            />
          </Col>
        </Row>
        <Row
          center="xs"
          middle="xs"
        >
          <Col
            xs={4}
          >
            <label>
              Allocations
            </label>
          </Col>
          <Col
            xs={8}
          >
            <div>
              <Field
                className="radioGroup"
                component={[Function]}
                name="allocTypeId"
                radioButtonValues={Array []}
              />
            </div>
          </Col>
        </Row>
        <Row
          center="xs"
          middle="xs"
        >
          <Col
            xs={4}
          >
            <label>
              Product Category
            </label>
          </Col>
          <Col
            xs={8}
          >
            <Field
              component={[Function]}
              menuItems={Array []}
              name="categoryId"
              type="select"
            />
          </Col>
        </Row>
        <Row
          center="xs"
          middle="xs"
        >
          <Col
            xs={4}
          >
            <label>
              Tax Category
            </label>
          </Col>
          <Col
            xs={8}
          >
            <Field
              component={[Function]}
              menuItems={Array []}
              name="taxCategoryId"
              type="select"
            />
          </Col>
        </Row>
      </Col>
      <Col
        lg={6}
        xs={12}
      >
        <Row
          center="xs"
          middle="xs"
        >
          <Col
            xs={4}
          >
            <label>
              Description
            </label>
          </Col>
          <Col
            xs={8}
          >
            <Field
              component={[Function]}
              name="description"
            />
          </Col>
        </Row>
        <Row
          center="xs"
          middle="xs"
        >
          <Col
            xs={4}
          >
            <label>
              Location
            </label>
          </Col>
          <Col
            xs={8}
          >
            <Field
              component={[Function]}
              disabled={true}
              menuItems={Array []}
              name="defaultLocationId"
              type="select"
            />
          </Col>
        </Row>
        <Row
          center="xs"
          middle="xs"
        >
          <Col
            xs={4}
          >
            <label>
              UOM
            </label>
          </Col>
          <Col
            xs={8}
          >
            <Field
              component={[Function]}
              disabled={true}
              menuItems={Array []}
              name="uomId"
              type="select"
            />
          </Col>
        </Row>
        <Row
          center="xs"
          middle="xs"
        >
          <Col
            xs={4}
          >
            <label>
              Status
            </label>
          </Col>
          <Col
            xs={8}
          >
            <Field
              component={[Function]}
              menuItems={Array []}
              name="statusId"
              type="select"
            />
          </Col>
        </Row>
      </Col>
    </Row>
    <Controls
      submitButtonVisible={true}
    />
  </form>
</Spin>
`;
