// Jest Snapshot v1, https://goo.gl/fbAQLP

exports[`CutOffTab capturing Snapshot of CutOffTab 1`] = `
<div>
  <Spin
    prefixCls="ant-spin"
    size="default"
    spinning={false}
    wrapperClassName=""
  >
    <PageHeader
      bigText="Delivery Cutoffs"
    />
    <form>
      <Row>
        <Col
          lg={6}
          md={6}
          xs={12}
        >
          <Card
            className="card"
          >
            <Row
              middle="xs"
            >
              <Col
                lg={3}
                md={3}
                xs={12}
              >
                Same Day delivery
              </Col>
              <Col
                lg={4}
                md={4}
                xs={12}
              >
                <Field
                  checkedText="ON"
                  component={[Function]}
                  disabled={false}
                  name="sameDay.isActive"
                  unCheckedText="OFF"
                />
              </Col>
            </Row>
            <Row
              middle="xs"
            >
              <Col
                lg={2}
                md={2}
                xs={12}
              >
                Cutoff time
              </Col>
              <Col
                lg={6}
                md={6}
                xs={12}
              >
                <Field
                  component={[Function]}
                  disabled={false}
                  name="sameDay.time"
                  timeFormat="HH:mm"
                />
              </Col>
            </Row>
            <Row
              middle="xs"
            >
              <Col
                lg={12}
                md={12}
                xs={12}
              >
                Minimum time between ordering and delivery
              </Col>
            </Row>
            <Row
              middle="xs"
            >
              <Col
                lg={2}
                md={2}
                xs={12}
              >
                In Minutes
              </Col>
              <Col
                lg={6}
                md={6}
                xs={12}
              >
                <Field
                  component={[Function]}
                  disabled={false}
                  name="sameDay.interval"
                />
              </Col>
            </Row>
          </Card>
        </Col>
        <Col
          lg={6}
          md={6}
          xs={12}
        >
          <Card
            className="card"
          >
            <Row
              middle="xs"
            >
              <Col
                lg={3}
                md={3}
                xs={12}
              >
                Next Day delivery
              </Col>
            </Row>
            <Row
              middle="xs"
            >
              <Col
                lg={2}
                md={2}
                xs={12}
              >
                Cutoff time
              </Col>
              <Col
                lg={6}
                md={6}
                xs={12}
              >
                <Field
                  component={[Function]}
                  disabled={false}
                  name="nextDay.time"
                  timeFormat="HH:mm"
                />
              </Col>
            </Row>
            <Row
              middle="xs"
            >
              <Col
                lg={12}
                md={12}
                xs={12}
              >
                Minimum time between ordering and delivery
              </Col>
            </Row>
            <Row
              middle="xs"
            >
              <Col
                lg={2}
                md={2}
                xs={12}
              >
                In Days
              </Col>
              <Col
                lg={6}
                md={6}
                xs={12}
              >
                <Field
                  component={[Function]}
                  disabled={false}
                  name="nextDay.interval"
                />
              </Col>
            </Row>
          </Card>
        </Col>
      </Row>
      <Row>
        <Col
          lg={6}
          md={6}
          xs={12}
        >
          <Card
            className="card"
          >
            <Row
              middle="xs"
            >
              <Col
                lg={8}
                md={8}
                xs={12}
              >
                Lead days to show calendar for delivery acceptance
              </Col>
            </Row>
            <Row
              middle="xs"
            >
              <Col
                lg={2}
                md={2}
                xs={12}
              >
                In Days
              </Col>
              <Col
                lg={6}
                md={6}
                xs={12}
              >
                <Field
                  component={[Function]}
                  disabled={false}
                  name="calLeadDays"
                />
              </Col>
            </Row>
          </Card>
        </Col>
      </Row>
      <Controls
        cancelButtonVisible={false}
        submitButtonVisible={true}
      />
    </form>
  </Spin>
</div>
`;
