// Jest Snapshot v1, https://goo.gl/fbAQLP

exports[`StockCounts capturing Snapshot of StockCounts 1`] = `
<Connect(MainContainer)
  actionColumnVisible={false}
  autocompletePlaceholder="Search by code, delivery date, vendor name"
  getRowClickRedirectLink={[Function]}
  getStatisticsColumns={[Function]}
  newButtonLink="/inventory/stock-count/new"
  newButtonText="New Count"
  newButtonVisible={true}
  renderAutocompleteItem={[Function]}
/>
`;
