// Jest Snapshot v1, https://goo.gl/fbAQLP

exports[`InvoiceTotalAndNotes capturing Snapshot of InvoiceTotalAndNotes 1`] = `
<Row
  className="statsRow"
>
  <Col
    lg={8}
    md={8}
    xs={12}
  />
  <Col
    className="stats"
    lg={4}
    md={4}
    xs={12}
  >
    <Row
      className="total"
    >
      <Col
        xs={8}
      >
        <strong>
          Sub Total
        </strong>
      </Col>
      <Col
        xs={2}
      >
        <strong>
          0.00
        </strong>
      </Col>
    </Row>
    <Row
      className="total"
    >
      <Col
        xs={8}
      >
        <strong>
          Taxes
        </strong>
      </Col>
      <Col
        xs={2}
      >
        <strong>
          0.00
        </strong>
      </Col>
    </Row>
    <Row
      className="total"
    >
      <Col
        xs={8}
      >
        <strong>
          Shipping
        </strong>
      </Col>
      <Col
        xs={2}
      >
        <strong>
          0.00
        </strong>
      </Col>
    </Row>
    <Row
      className="total"
      middle="xs"
    >
      <Col
        xs={8}
      >
        <strong>
          Promotion
        </strong>
        <Input
          disabled={true}
          prefixCls="ant-input"
          style={
            Object {
              "marginLeft": "0.5rem",
              "width": "auto",
            }
          }
          type="text"
        />
      </Col>
      <Col
        xs={2}
      >
        <strong>
          0.00
        </strong>
      </Col>
    </Row>
    <Row
      className="total"
    >
      <Col
        xs={8}
      >
        <strong>
          Recur Discounts
        </strong>
      </Col>
      <Col
        xs={2}
      >
        <strong>
          0.00
        </strong>
      </Col>
    </Row>
    <Row
      className="total"
    >
      <Col
        xs={8}
      >
        <strong>
          Customer Credit
        </strong>
      </Col>
      <Col
        xs={2}
      >
        <strong>
          0.00
        </strong>
      </Col>
    </Row>
    <Row
      className="total"
    >
      <Col
        xs={8}
      >
        <strong>
          Total (SGD)
        </strong>
      </Col>
      <Col
        xs={2}
      >
        <strong>
          0.00
        </strong>
      </Col>
    </Row>
  </Col>
</Row>
`;
