// Jest Snapshot v1, https://goo.gl/fbAQLP

exports[`ProfileTab capturing Snapshot of ProfileTab 1`] = `
<Spin
  prefixCls="ant-spin"
  size="default"
  spinning={false}
  wrapperClassName=""
>
  <form
    className="form"
  >
    <Row>
      <Col
        lg={4}
        lgOffset={2}
        md={4}
        mdOffset={2}
        xs={true}
      >
        <Card
          className="card"
          title="Details"
        >
          <Row>
            <Col
              xs={true}
            >
              First Name
              <Field
                component={[Function]}
                name="firstName"
              />
            </Col>
          </Row>
          <Row>
            <Col
              xs={true}
            >
              Last Name
              <Field
                component={[Function]}
                name="lastName"
              />
            </Col>
          </Row>
          <Row>
            <Col
              xs={true}
            >
              Email
              <Field
                component={[Function]}
                name="email"
              />
            </Col>
          </Row>
          <Row
            middle="xs"
          >
            <Col
              xs={true}
            >
              Phone
              <Field
                component={[Function]}
                name="phone"
              />
            </Col>
          </Row>
        </Card>
      </Col>
      <Col
        lg={4}
        md={4}
        xs={true}
      >
        <Card
          className="card"
          title="Personal"
        >
          <Row
            end="xs"
            middle="xs"
          >
            <Col
              xs={true}
            >
              Date Of Birth
            </Col>
            <Col
              xs={true}
            >
              <Field
                component={[Function]}
                name="dob"
              />
            </Col>
          </Row>
          <Row
            center="xs"
            middle="xs"
          >
            <Col
              xs={6}
            />
            <Col
              xs={3}
            >
              <span>
                Adults
              </span>
            </Col>
            <Col
              xs={3}
            >
              <span>
                Children
              </span>
            </Col>
          </Row>
          <Row
            middle="xs"
          >
            <Col
              xs={6}
            >
              <span>
                No Of People In Household
              </span>
            </Col>
            <Col
              xs={3}
            >
              <Field
                component={[Function]}
                min={0}
                name="adults"
              />
            </Col>
            <Col
              xs={3}
            >
              <Field
                component={[Function]}
                min={0}
                name="children"
              />
            </Col>
          </Row>
        </Card>
      </Col>
      <Col
        lg={4}
        lgOffset={2}
        md={4}
        mdOffset={2}
        xs={true}
      >
        <Card
          className="card"
          title="Marketing"
        >
          <Row
            middle="xs"
          >
            <Col
              xs={true}
            >
              <Field
                component={[Function]}
                name="newsLetterSubscription"
                text="Newsletter Subscription"
              />
            </Col>
          </Row>
        </Card>
      </Col>
      <Col
        lg={4}
        md={4}
        xs={true}
      >
        <Card
          className="card"
          title="Delivery"
        >
          <Row
            middle="xs"
          >
            <Col
              lg={5}
              md={5}
              xs={6}
            >
              Delivery Preferences
            </Col>
            <Col
              xs={6}
            >
              <Field
                component={[Function]}
                min={0}
                name="deliveryPreferences"
              />
            </Col>
          </Row>
          <Row
            middle="xs"
          >
            <Col
              xs={true}
            >
              <Field
                component={[Function]}
                name="weekendDelivery"
                text="Weekend Delivery"
              />
            </Col>
          </Row>
        </Card>
      </Col>
    </Row>
    <Row
      center="xs"
    >
      <Col
        xs={8}
      >
        <Controls
          cancelButtonVisible={false}
          submitButtonText="Save"
          submitButtonVisible={true}
        />
      </Col>
    </Row>
  </form>
</Spin>
`;
